vikapple@vikapple:~$ sudo wget https://nginx.org/keys/nginx_signing.key
--2024-11-28 01:54:55--  https://nginx.org/keys/nginx_signing.key
Распознаётся nginx.org (nginx.org)… 3.125.197.172, 52.58.199.22, 2a05:d014:5c0:2600::6, ...
Подключение к nginx.org (nginx.org)|3.125.197.172|:443... соединение установлено.
HTTP-запрос отправлен. Ожидание ответа… 200 OK
Длина: 11809 (12K) [application/octet-stream]
Сохранение в: ‘nginx_signing.key.1’

nginx_signing.key.1                              100%[==========================================================================================================>]  11,53K  --.-KB/s    за 0s      

2024-11-28 01:54:56 (395 MB/s) - ‘nginx_signing.key.1’ сохранён [11809/11809]

vikapple@vikapple:~$ sudo apt-key add nginx_signing.key
Warning: apt-key is deprecated. Manage keyring files in trusted.gpg.d instead (see apt-key(8)).
OK
vikapple@vikapple:~$ sudo nano /etc/apt/sources.list
vikapple@vikapple:~$ sudo apt-get update
Игн:1 http://nginx.org/packages/mainline/debian focal InRelease
Сущ:2 http://ru.archive.ubuntu.com/ubuntu noble InRelease                                              
Ошб:3 http://nginx.org/packages/mainline/debian focal Release                                          
  404  Not Found [IP: 52.58.199.22 80]
Сущ:4 http://ru.archive.ubuntu.com/ubuntu noble-updates InRelease                 
Сущ:5 http://ru.archive.ubuntu.com/ubuntu noble-backports InRelease               
Сущ:6 http://security.ubuntu.com/ubuntu noble-security InRelease                  
Чтение списков пакетов… Готово            
E: Репозиторий «http://nginx.org/packages/mainline/debian focal Release» не содержит файла Release.
N: Обновление из этого репозитория нельзя выполнить безопасным способом, поэтому по умолчанию он отключён.
N: Информацию о создании репозитория и настройках пользователя смотрите в справочной странице apt-secure(8).
vikapple@vikapple:~$ sudo apt-get install nginx
vikapple@vikapple:~$ sudo systemctl status nginx.service
○ nginx.service - A high performance web server and a reverse proxy server
     Loaded: loaded (/usr/lib/systemd/system/nginx.service; enabled; preset: enabled)
     Active: inactive (dead) since Thu 2024-11-28 01:52:37 MSK; 5min ago
   Duration: 20min 31.765s
       Docs: man:nginx(8)
    Process: 12038 ExecStartPre=/usr/sbin/nginx -t -q -g daemon on; master_process on; (code=exited, status=0/SUCCESS)
    Process: 12040 ExecStart=/usr/sbin/nginx -g daemon on; master_process on; (code=exited, status=0/SUCCESS)
    Process: 12965 ExecStop=/sbin/start-stop-daemon --quiet --stop --retry QUIT/5 --pidfile /run/nginx.pid (code=exited, status=0/SUCCESS)
   Main PID: 12041 (code=exited, status=0/SUCCESS)
        CPU: 31ms

ноя 28 01:32:05 vikapple systemd[1]: Starting nginx.service - A high performance web server and a reverse proxy server...
ноя 28 01:32:05 vikapple systemd[1]: Started nginx.service - A high performance web server and a reverse proxy server.

vikapple@vikapple:~$ sudo systemctl stop nginx.service
vikapple@vikapple:~$ sudo dpkg --remove nginx

vikapple@vikapple:~$ snap find tetris
Название              Версия    Издатель      Примечание  Описание
tetris                0.1.2     jogeanmcf     -           Tetris Game
tetris-in-racket      1.2-2     brunonova     -           Tetris clone developed in Racket
tetris-ever           20.23.05  joker2770     -           A simple tetris game is written with C, and is rendered by SDL2.
tetris-ever-mixer     20.23.05  joker2770     -           A simple tetris game is written with C, and is rendered by SDL2.
tetris-thefenriswolf  0.1.6     fenriswolf    -           A terminal interface for tetris
quadrapassel          40.2      canonical✓    -           Fit falling blocks together
vitetris              0.57      bladernr      -           Console based version of Tetris
fairtris              3.0.0.4   chronoscz     -           A fair implementation of Classic Tetris® video game.
awesome-pygames       20.21.12  joker2770     -           Games by Al Sweigart. Manual at inventwithpython.com/pygame.
ctris                 1.1       mitchel0022   -           An open source terminal based Tetris game
openblok-linux        v082      marisag1967   -           OpenBlok is a version of the falling block game Tetris
stmg                  20210117  efanomars     -           Revisited classic games collection
textris               0.57      marisag1967   -           Text version of the classic falling blocks game
blockout3             2.5       marisag1967   -           3d version of Tetris for Windows
ltris-windows         1.2.3     marisag1967   -           A free Tetris clone that follows the original rules but adds some extras
pmtris                1.0       kz6fittycent  -           Poor Man's Tetris Clone
imbricker             0.3.0.0   marisag1967   -           The classic brick puzzle game revisited
logyxpack             24.15     marisag1967   -           150 games, mostly logic, under one window
free-games-webapp     0.9.8     mauringo      -           A simple Application that provides some we-based static games.
retro-games           1.1.0     presspage     -           A colledtion of retro games
simtetris             1         piotr132      -           Simple version of tetris game
vikapple@vikapple:~$ sudo snap install tetris-ever
[sudo] пароль для vikapple: 
Получить и проверить подтверждение для пакета "tetris-ever" (204)                                                  \
tetris-ever 20.23.05 от Jintao Yang (joker2770) установлен
vikapple@vikapple:~$ tetris-ever

i_mode: 0


vikapple@vikapple:~$ sudo ufw status
Состояние: неактивен
ikapple@vikapple:~$ sudo ufw allow  22
Правила обновлены
Правила обновлены (v6)
vikapple@vikapple:~$ sudo ufw allow 80
Правила обновлены
Правила обновлены (v6)
vikapple@vikapple:~$ sudo ufw enable
Межсетевой экран включён и будет запускаться при запуске системы
vikapple@vikapple:~$ sudo ufw status
Состояние: активен

В                          Действие    Из
-                          --------    --
22                         ALLOW       Anywhere                  
80                         ALLOW       Anywhere                  
22 (v6)                    ALLOW       Anywhere (v6)             
80 (v6)                    ALLOW       Anywhere (v6)             

vikapple@vikapple:~$ 


